[20:38:11] START GPU 全量实验 E1-E12
[20:38:11] CPU: 128 cores
[20:38:11] Output: /root/magic_tetra_results
[20:38:11] === E1: 幻和约束区分度 ===
[20:38:11]   ❌ exp_E1 FAILED: could not broadcast input array from shape (66,3) into shape (67,3)
[20:38:11] === E2: 24方向范式一致性 ===
[20:38:12]   归一率=0.00%
[20:38:12] === E11: 27阶全息幻方生成 ===
[20:38:12]   27阶幻方生成: ⚠️简化版 729格点, 10环道
[20:38:12] === E8: 模板库覆盖率 (九阶幻立方规则网格) ===
[20:38:12]   扫描 729 个锚点的邻接四点...
[20:39:59]   模板数=10496, 中位RMSE=7.01Å, P90=9.248Å
[20:39:59] === E9: 存储Trade-off ===
[20:39:59]   直接存储=4.8MB, 模板存储=1.4MB, 压缩=3.4:1
[20:39:59] === E3: 端到端压缩率 (N=200合成蛋白) ===
[20:39:59]   全枚举=64684950, L1通过率=0.00000, 幸存=0
[20:39:59] === E10: A+C联合 (筛选+模板存储) ===
[20:39:59]   通过L1=0, 联合压缩=0.0:1
[20:39:59] === E12: 27阶环道四面体体积分布 ===
[20:39:59]   10环道分析完成, PDB模拟双峰(核心=10.2±7.0, 表面=74.8±32.6)
[20:39:59] 
============================================================
[20:39:59] ALL DONE in 108s
[20:39:59] === KEY RESULTS ===
[20:39:59] E2 24方向归一: 0.0
[20:39:59] E11 27阶幻方: 三步法简化版; 完整八卦8态生成待VBA→Python翻译
[20:39:59] E8 模板中位误差: 7.01Å
[20:39:59] E9 存储压缩: 3.4:1
[20:39:59] 
Results: /root/magic_tetra_results/E1_E12_results.json
